/home/trvise/.local/lib/python3.12/site-packages/setuptools/_distutils/dist.py:270: UserWarning: Unknown distribution option: 'tests_require'
  warnings.warn(msg)
running egg_info
creating ../../build/lab1_pkg/lab1_pkg.egg-info
writing ../../build/lab1_pkg/lab1_pkg.egg-info/PKG-INFO
writing dependency_links to ../../build/lab1_pkg/lab1_pkg.egg-info/dependency_links.txt
writing entry points to ../../build/lab1_pkg/lab1_pkg.egg-info/entry_points.txt
writing requirements to ../../build/lab1_pkg/lab1_pkg.egg-info/requires.txt
writing top-level names to ../../build/lab1_pkg/lab1_pkg.egg-info/top_level.txt
writing manifest file '../../build/lab1_pkg/lab1_pkg.egg-info/SOURCES.txt'
reading manifest file '../../build/lab1_pkg/lab1_pkg.egg-info/SOURCES.txt'
writing manifest file '../../build/lab1_pkg/lab1_pkg.egg-info/SOURCES.txt'
running build
running build_py
creating /home/trvise/CS498-Team_Robotics/Lab -1/lab1_ws/build/lab1_pkg/build/lib/lab1_pkg
copying lab1_pkg/relay.py -> /home/trvise/CS498-Team_Robotics/Lab -1/lab1_ws/build/lab1_pkg/build/lib/lab1_pkg
copying lab1_pkg/__init__.py -> /home/trvise/CS498-Team_Robotics/Lab -1/lab1_ws/build/lab1_pkg/build/lib/lab1_pkg
copying lab1_pkg/talker.py -> /home/trvise/CS498-Team_Robotics/Lab -1/lab1_ws/build/lab1_pkg/build/lib/lab1_pkg
running install
running install_lib
creating /home/trvise/CS498-Team_Robotics/Lab -1/lab1_ws/install/lab1_pkg/lib/python3.12/site-packages/lab1_pkg
copying /home/trvise/CS498-Team_Robotics/Lab -1/lab1_ws/build/lab1_pkg/build/lib/lab1_pkg/relay.py -> /home/trvise/CS498-Team_Robotics/Lab -1/lab1_ws/install/lab1_pkg/lib/python3.12/site-packages/lab1_pkg
copying /home/trvise/CS498-Team_Robotics/Lab -1/lab1_ws/build/lab1_pkg/build/lib/lab1_pkg/__init__.py -> /home/trvise/CS498-Team_Robotics/Lab -1/lab1_ws/install/lab1_pkg/lib/python3.12/site-packages/lab1_pkg
copying /home/trvise/CS498-Team_Robotics/Lab -1/lab1_ws/build/lab1_pkg/build/lib/lab1_pkg/talker.py -> /home/trvise/CS498-Team_Robotics/Lab -1/lab1_ws/install/lab1_pkg/lib/python3.12/site-packages/lab1_pkg
byte-compiling /home/trvise/CS498-Team_Robotics/Lab -1/lab1_ws/install/lab1_pkg/lib/python3.12/site-packages/lab1_pkg/relay.py to relay.cpython-312.pyc
byte-compiling /home/trvise/CS498-Team_Robotics/Lab -1/lab1_ws/install/lab1_pkg/lib/python3.12/site-packages/lab1_pkg/__init__.py to __init__.cpython-312.pyc
byte-compiling /home/trvise/CS498-Team_Robotics/Lab -1/lab1_ws/install/lab1_pkg/lib/python3.12/site-packages/lab1_pkg/talker.py to talker.cpython-312.pyc
running install_data
creating /home/trvise/CS498-Team_Robotics/Lab -1/lab1_ws/install/lab1_pkg/share/ament_index/resource_index/packages
copying resource/lab1_pkg -> /home/trvise/CS498-Team_Robotics/Lab -1/lab1_ws/install/lab1_pkg/share/ament_index/resource_index/packages
copying package.xml -> /home/trvise/CS498-Team_Robotics/Lab -1/lab1_ws/install/lab1_pkg/share/lab1_pkg
creating /home/trvise/CS498-Team_Robotics/Lab -1/lab1_ws/install/lab1_pkg/share/lab1_pkg/launch
copying launch/lab1_launch.py -> /home/trvise/CS498-Team_Robotics/Lab -1/lab1_ws/install/lab1_pkg/share/lab1_pkg/launch
running install_egg_info
Copying ../../build/lab1_pkg/lab1_pkg.egg-info to /home/trvise/CS498-Team_Robotics/Lab -1/lab1_ws/install/lab1_pkg/lib/python3.12/site-packages/lab1_pkg-0.0.0-py3.12.egg-info
running install_scripts
Installing relay script to /home/trvise/CS498-Team_Robotics/Lab -1/lab1_ws/install/lab1_pkg/lib/lab1_pkg
Installing talker script to /home/trvise/CS498-Team_Robotics/Lab -1/lab1_ws/install/lab1_pkg/lib/lab1_pkg
writing list of installed files to '/home/trvise/CS498-Team_Robotics/Lab -1/lab1_ws/build/lab1_pkg/install.log'
