[0.101s] DEBUG:colcon:Command line arguments: ['/home/trvise/.local/bin/colcon', 'build', '--symlink-install']
[0.101s] DEBUG:colcon:Parsed command line arguments: Namespace(log_base=None, log_level=None, verb_name='build', build_base='build', install_base='install', merge_install=False, symlink_install=True, test_result_base=None, continue_on_error=False, executor='parallel', parallel_workers=16, event_handlers=None, ignore_user_meta=False, metas=['./colcon.meta'], base_paths=['.'], packages_ignore=None, packages_ignore_regex=None, paths=None, packages_up_to=None, packages_up_to_regex=None, packages_above=None, packages_above_and_dependencies=None, packages_above_depth=None, packages_select_by_dep=None, packages_skip_by_dep=None, packages_skip_up_to=None, packages_select_build_failed=False, packages_skip_build_finished=False, packages_select_test_failures=False, packages_skip_test_passed=False, packages_select=None, packages_skip=None, packages_select_regex=None, packages_skip_regex=None, packages_start=None, packages_end=None, cmake_args=None, cmake_target=None, cmake_target_skip_unavailable=False, cmake_clean_cache=False, cmake_clean_first=False, cmake_force_configure=False, ament_cmake_args=None, catkin_cmake_args=None, catkin_skip_building_tests=False, verb_parser=<colcon_defaults.argument_parser.defaults.DefaultArgumentsDecorator object at 0x7afb12f8b620>, verb_extension=<colcon_core.verb.build.BuildVerb object at 0x7afb12f8b230>, main=<bound method BuildVerb.main of <colcon_core.verb.build.BuildVerb object at 0x7afb12f8b230>>)
[0.127s] Level 1:colcon.colcon_core.package_discovery:discover_packages(colcon_meta) check parameters
[0.127s] Level 1:colcon.colcon_core.package_discovery:discover_packages(recursive) check parameters
[0.127s] Level 1:colcon.colcon_core.package_discovery:discover_packages(ignore) check parameters
[0.127s] Level 1:colcon.colcon_core.package_discovery:discover_packages(path) check parameters
[0.127s] Level 1:colcon.colcon_core.package_discovery:discover_packages(colcon_meta) discover
[0.127s] Level 1:colcon.colcon_core.package_discovery:discover_packages(recursive) discover
[0.127s] INFO:colcon.colcon_core.package_discovery:Crawling recursively for packages in '/home/trvise/CS498-Team_Robotics/lab3_ws'
[0.127s] Level 1:colcon.colcon_core.package_identification:_identify(.) by extensions ['ignore', 'ignore_ament_install']
[0.127s] Level 1:colcon.colcon_core.package_identification:_identify(.) by extension 'ignore'
[0.127s] Level 1:colcon.colcon_core.package_identification:_identify(.) by extension 'ignore_ament_install'
[0.127s] Level 1:colcon.colcon_core.package_identification:_identify(.) by extensions ['colcon_pkg']
[0.127s] Level 1:colcon.colcon_core.package_identification:_identify(.) by extension 'colcon_pkg'
[0.127s] Level 1:colcon.colcon_core.package_identification:_identify(.) by extensions ['colcon_meta']
[0.127s] Level 1:colcon.colcon_core.package_identification:_identify(.) by extension 'colcon_meta'
[0.127s] Level 1:colcon.colcon_core.package_identification:_identify(.) by extensions ['ros']
[0.127s] Level 1:colcon.colcon_core.package_identification:_identify(.) by extension 'ros'
[0.145s] Level 1:colcon.colcon_core.package_identification:_identify(.) by extensions ['cmake', 'python']
[0.145s] Level 1:colcon.colcon_core.package_identification:_identify(.) by extension 'cmake'
[0.145s] Level 1:colcon.colcon_core.package_identification:_identify(.) by extension 'python'
[0.145s] Level 1:colcon.colcon_core.package_identification:_identify(.) by extensions ['python_setup_py']
[0.145s] Level 1:colcon.colcon_core.package_identification:_identify(.) by extension 'python_setup_py'
[0.146s] Level 1:colcon.colcon_core.package_identification:_identify(build) by extensions ['ignore', 'ignore_ament_install']
[0.146s] Level 1:colcon.colcon_core.package_identification:_identify(build) by extension 'ignore'
[0.146s] Level 1:colcon.colcon_core.package_identification:_identify(build) ignored
[0.146s] Level 1:colcon.colcon_core.package_identification:_identify(install) by extensions ['ignore', 'ignore_ament_install']
[0.146s] Level 1:colcon.colcon_core.package_identification:_identify(install) by extension 'ignore'
[0.146s] Level 1:colcon.colcon_core.package_identification:_identify(install) ignored
[0.146s] Level 1:colcon.colcon_core.package_identification:_identify(log) by extensions ['ignore', 'ignore_ament_install']
[0.146s] Level 1:colcon.colcon_core.package_identification:_identify(log) by extension 'ignore'
[0.146s] Level 1:colcon.colcon_core.package_identification:_identify(log) ignored
[0.146s] Level 1:colcon.colcon_core.package_identification:_identify(src) by extensions ['ignore', 'ignore_ament_install']
[0.146s] Level 1:colcon.colcon_core.package_identification:_identify(src) by extension 'ignore'
[0.146s] Level 1:colcon.colcon_core.package_identification:_identify(src) by extension 'ignore_ament_install'
[0.146s] Level 1:colcon.colcon_core.package_identification:_identify(src) by extensions ['colcon_pkg']
[0.146s] Level 1:colcon.colcon_core.package_identification:_identify(src) by extension 'colcon_pkg'
[0.146s] Level 1:colcon.colcon_core.package_identification:_identify(src) by extensions ['colcon_meta']
[0.146s] Level 1:colcon.colcon_core.package_identification:_identify(src) by extension 'colcon_meta'
[0.146s] Level 1:colcon.colcon_core.package_identification:_identify(src) by extensions ['ros']
[0.146s] Level 1:colcon.colcon_core.package_identification:_identify(src) by extension 'ros'
[0.146s] Level 1:colcon.colcon_core.package_identification:_identify(src) by extensions ['cmake', 'python']
[0.146s] Level 1:colcon.colcon_core.package_identification:_identify(src) by extension 'cmake'
[0.146s] Level 1:colcon.colcon_core.package_identification:_identify(src) by extension 'python'
[0.146s] Level 1:colcon.colcon_core.package_identification:_identify(src) by extensions ['python_setup_py']
[0.146s] Level 1:colcon.colcon_core.package_identification:_identify(src) by extension 'python_setup_py'
[0.147s] Level 1:colcon.colcon_core.package_identification:_identify(src/lab3) by extensions ['ignore', 'ignore_ament_install']
[0.147s] Level 1:colcon.colcon_core.package_identification:_identify(src/lab3) by extension 'ignore'
[0.147s] Level 1:colcon.colcon_core.package_identification:_identify(src/lab3) by extension 'ignore_ament_install'
[0.147s] Level 1:colcon.colcon_core.package_identification:_identify(src/lab3) by extensions ['colcon_pkg']
[0.147s] Level 1:colcon.colcon_core.package_identification:_identify(src/lab3) by extension 'colcon_pkg'
[0.147s] Level 1:colcon.colcon_core.package_identification:_identify(src/lab3) by extensions ['colcon_meta']
[0.147s] Level 1:colcon.colcon_core.package_identification:_identify(src/lab3) by extension 'colcon_meta'
[0.147s] Level 1:colcon.colcon_core.package_identification:_identify(src/lab3) by extensions ['ros']
[0.147s] Level 1:colcon.colcon_core.package_identification:_identify(src/lab3) by extension 'ros'
[0.149s] DEBUG:colcon.colcon_core.package_identification:Package 'src/lab3' with type 'ros.ament_python' and name 'lab3'
[0.149s] Level 1:colcon.colcon_core.package_discovery:discover_packages(recursive) using defaults
[0.149s] Level 1:colcon.colcon_core.package_discovery:discover_packages(ignore) discover
[0.149s] Level 1:colcon.colcon_core.package_discovery:discover_packages(ignore) using defaults
[0.149s] Level 1:colcon.colcon_core.package_discovery:discover_packages(path) discover
[0.149s] Level 1:colcon.colcon_core.package_discovery:discover_packages(path) using defaults
[0.160s] Level 5:colcon.colcon_core.verb:set package 'lab3' build argument 'cmake_args' from command line to 'None'
[0.160s] Level 5:colcon.colcon_core.verb:set package 'lab3' build argument 'cmake_target' from command line to 'None'
[0.161s] Level 5:colcon.colcon_core.verb:set package 'lab3' build argument 'cmake_target_skip_unavailable' from command line to 'False'
[0.161s] Level 5:colcon.colcon_core.verb:set package 'lab3' build argument 'cmake_clean_cache' from command line to 'False'
[0.161s] Level 5:colcon.colcon_core.verb:set package 'lab3' build argument 'cmake_clean_first' from command line to 'False'
[0.161s] Level 5:colcon.colcon_core.verb:set package 'lab3' build argument 'cmake_force_configure' from command line to 'False'
[0.161s] Level 5:colcon.colcon_core.verb:set package 'lab3' build argument 'ament_cmake_args' from command line to 'None'
[0.161s] Level 5:colcon.colcon_core.verb:set package 'lab3' build argument 'catkin_cmake_args' from command line to 'None'
[0.161s] Level 5:colcon.colcon_core.verb:set package 'lab3' build argument 'catkin_skip_building_tests' from command line to 'False'
[0.161s] DEBUG:colcon.colcon_core.verb:Building package 'lab3' with the following arguments: {'ament_cmake_args': None, 'build_base': '/home/trvise/CS498-Team_Robotics/lab3_ws/build/lab3', 'catkin_cmake_args': None, 'catkin_skip_building_tests': False, 'cmake_args': None, 'cmake_clean_cache': False, 'cmake_clean_first': False, 'cmake_force_configure': False, 'cmake_target': None, 'cmake_target_skip_unavailable': False, 'install_base': '/home/trvise/CS498-Team_Robotics/lab3_ws/install/lab3', 'merge_install': False, 'path': '/home/trvise/CS498-Team_Robotics/lab3_ws/src/lab3', 'symlink_install': True, 'test_result_base': None}
[0.161s] INFO:colcon.colcon_core.executor:Executing jobs using 'parallel' executor
[0.161s] DEBUG:colcon.colcon_parallel_executor.executor.parallel:run_until_complete
[0.162s] INFO:colcon.colcon_ros.task.ament_python.build:Building ROS package in '/home/trvise/CS498-Team_Robotics/lab3_ws/src/lab3' with build type 'ament_python'
[0.162s] Level 1:colcon.colcon_core.shell:create_environment_hook('lab3', 'ament_prefix_path')
[0.163s] INFO:colcon.colcon_core.plugin_system:Skipping extension 'colcon_core.shell.bat': Not used on non-Windows systems
[0.163s] INFO:colcon.colcon_core.shell:Creating environment hook '/home/trvise/CS498-Team_Robotics/lab3_ws/install/lab3/share/lab3/hook/ament_prefix_path.ps1'
[0.164s] INFO:colcon.colcon_core.shell:Creating environment descriptor '/home/trvise/CS498-Team_Robotics/lab3_ws/install/lab3/share/lab3/hook/ament_prefix_path.dsv'
[0.164s] INFO:colcon.colcon_core.shell:Creating environment hook '/home/trvise/CS498-Team_Robotics/lab3_ws/install/lab3/share/lab3/hook/ament_prefix_path.sh'
[0.165s] INFO:colcon.colcon_core.shell:Skip shell extension 'powershell' for command environment: Not usable outside of PowerShell
[0.165s] DEBUG:colcon.colcon_core.shell:Skip shell extension 'dsv' for command environment
[0.351s] INFO:colcon.colcon_core.task.python.build:Building Python package in '/home/trvise/CS498-Team_Robotics/lab3_ws/src/lab3'
[0.352s] INFO:colcon.colcon_core.shell:Skip shell extension 'powershell' for command environment: Not usable outside of PowerShell
[0.352s] DEBUG:colcon.colcon_core.shell:Skip shell extension 'dsv' for command environment
[0.832s] DEBUG:colcon.colcon_core.event_handler.log_command:Invoking command in '/home/trvise/CS498-Team_Robotics/lab3_ws/build/lab3': CONDA_PROMPT_MODIFIER=(base) DEBUGINFOD_URLS=https://debuginfod.ubuntu.com PYTHONPATH=/home/trvise/CS498-Team_Robotics/lab3_ws/build/lab3/prefix_override:/home/trvise/.local/lib/python3.12/site-packages/colcon_core/task/python/colcon_distutils_commands:/home/trvise/CS498-Team_Robotics/lab3_ws/install/lab3/lib/python3.12/site-packages:${PYTHONPATH} /usr/bin/python3 -W ignore:setup.py install is deprecated -W ignore:easy_install command is deprecated setup.py develop --editable --build-directory /home/trvise/CS498-Team_Robotics/lab3_ws/build/lab3/build --no-deps symlink_data
[1.404s] Level 1:colcon.colcon_core.shell:create_environment_hook('lab3', 'pythonpath_develop')
[1.405s] INFO:colcon.colcon_core.shell:Creating environment hook '/home/trvise/CS498-Team_Robotics/lab3_ws/build/lab3/share/lab3/hook/pythonpath_develop.ps1'
[1.405s] DEBUG:colcon.colcon_core.event_handler.log_command:Invoked command in '/home/trvise/CS498-Team_Robotics/lab3_ws/build/lab3' returned '0': CONDA_PROMPT_MODIFIER=(base) DEBUGINFOD_URLS=https://debuginfod.ubuntu.com PYTHONPATH=/home/trvise/CS498-Team_Robotics/lab3_ws/build/lab3/prefix_override:/home/trvise/.local/lib/python3.12/site-packages/colcon_core/task/python/colcon_distutils_commands:/home/trvise/CS498-Team_Robotics/lab3_ws/install/lab3/lib/python3.12/site-packages:${PYTHONPATH} /usr/bin/python3 -W ignore:setup.py install is deprecated -W ignore:easy_install command is deprecated setup.py develop --editable --build-directory /home/trvise/CS498-Team_Robotics/lab3_ws/build/lab3/build --no-deps symlink_data
[1.406s] INFO:colcon.colcon_core.shell:Creating environment descriptor '/home/trvise/CS498-Team_Robotics/lab3_ws/build/lab3/share/lab3/hook/pythonpath_develop.dsv'
[1.406s] INFO:colcon.colcon_core.shell:Creating environment hook '/home/trvise/CS498-Team_Robotics/lab3_ws/build/lab3/share/lab3/hook/pythonpath_develop.sh'
[1.408s] Level 1:colcon.colcon_core.environment:checking '/home/trvise/CS498-Team_Robotics/lab3_ws/install/lab3' for CMake module files
[1.409s] Level 1:colcon.colcon_core.environment:checking '/home/trvise/CS498-Team_Robotics/lab3_ws/install/lab3' for CMake config files
[1.409s] Level 1:colcon.colcon_core.environment:checking '/home/trvise/CS498-Team_Robotics/lab3_ws/install/lab3/lib'
[1.409s] Level 1:colcon.colcon_core.environment:checking '/home/trvise/CS498-Team_Robotics/lab3_ws/install/lab3/bin'
[1.409s] Level 1:colcon.colcon_core.environment:checking '/home/trvise/CS498-Team_Robotics/lab3_ws/install/lab3/lib/pkgconfig/lab3.pc'
[1.410s] Level 1:colcon.colcon_core.environment:checking '/home/trvise/CS498-Team_Robotics/lab3_ws/install/lab3/lib/python3.12/site-packages'
[1.410s] Level 1:colcon.colcon_core.shell:create_environment_hook('lab3', 'pythonpath')
[1.410s] INFO:colcon.colcon_core.shell:Creating environment hook '/home/trvise/CS498-Team_Robotics/lab3_ws/install/lab3/share/lab3/hook/pythonpath.ps1'
[1.410s] INFO:colcon.colcon_core.shell:Creating environment descriptor '/home/trvise/CS498-Team_Robotics/lab3_ws/install/lab3/share/lab3/hook/pythonpath.dsv'
[1.411s] INFO:colcon.colcon_core.shell:Creating environment hook '/home/trvise/CS498-Team_Robotics/lab3_ws/install/lab3/share/lab3/hook/pythonpath.sh'
[1.411s] Level 1:colcon.colcon_core.environment:checking '/home/trvise/CS498-Team_Robotics/lab3_ws/install/lab3/bin'
[1.411s] Level 1:colcon.colcon_core.environment:create_environment_scripts_only(lab3)
[1.411s] INFO:colcon.colcon_core.shell:Creating package script '/home/trvise/CS498-Team_Robotics/lab3_ws/install/lab3/share/lab3/package.ps1'
[1.412s] INFO:colcon.colcon_core.shell:Creating package descriptor '/home/trvise/CS498-Team_Robotics/lab3_ws/install/lab3/share/lab3/package.dsv'
[1.413s] INFO:colcon.colcon_core.shell:Creating package script '/home/trvise/CS498-Team_Robotics/lab3_ws/install/lab3/share/lab3/package.sh'
[1.413s] INFO:colcon.colcon_core.shell:Creating package script '/home/trvise/CS498-Team_Robotics/lab3_ws/install/lab3/share/lab3/package.bash'
[1.414s] INFO:colcon.colcon_core.shell:Creating package script '/home/trvise/CS498-Team_Robotics/lab3_ws/install/lab3/share/lab3/package.zsh'
[1.415s] Level 1:colcon.colcon_core.environment:create_file_with_runtime_dependencies(/home/trvise/CS498-Team_Robotics/lab3_ws/install/lab3/share/colcon-core/packages/lab3)
[1.415s] DEBUG:colcon.colcon_parallel_executor.executor.parallel:closing loop
[1.415s] DEBUG:colcon.colcon_parallel_executor.executor.parallel:loop closed
[1.415s] DEBUG:colcon.colcon_parallel_executor.executor.parallel:run_until_complete finished with '0'
[1.415s] DEBUG:colcon.colcon_core.event_reactor:joining thread
[1.419s] INFO:colcon.colcon_core.plugin_system:Skipping extension 'colcon_notification.desktop_notification.terminal_notifier': Not used on non-Darwin systems
[1.420s] INFO:colcon.colcon_core.plugin_system:Skipping extension 'colcon_notification.desktop_notification.win32': Not used on non-Windows systems
[1.420s] INFO:colcon.colcon_notification.desktop_notification:Sending desktop notification using 'notify2'
[1.430s] DEBUG:colcon.colcon_core.event_reactor:joined thread
[1.431s] INFO:colcon.colcon_core.shell:Creating prefix script '/home/trvise/CS498-Team_Robotics/lab3_ws/install/local_setup.ps1'
[1.432s] INFO:colcon.colcon_core.shell:Creating prefix util module '/home/trvise/CS498-Team_Robotics/lab3_ws/install/_local_setup_util_ps1.py'
[1.433s] INFO:colcon.colcon_core.shell:Creating prefix chain script '/home/trvise/CS498-Team_Robotics/lab3_ws/install/setup.ps1'
[1.434s] INFO:colcon.colcon_core.shell:Creating prefix script '/home/trvise/CS498-Team_Robotics/lab3_ws/install/local_setup.sh'
[1.435s] INFO:colcon.colcon_core.shell:Creating prefix util module '/home/trvise/CS498-Team_Robotics/lab3_ws/install/_local_setup_util_sh.py'
[1.435s] INFO:colcon.colcon_core.shell:Creating prefix chain script '/home/trvise/CS498-Team_Robotics/lab3_ws/install/setup.sh'
[1.436s] INFO:colcon.colcon_core.shell:Creating prefix script '/home/trvise/CS498-Team_Robotics/lab3_ws/install/local_setup.bash'
[1.437s] INFO:colcon.colcon_core.shell:Creating prefix chain script '/home/trvise/CS498-Team_Robotics/lab3_ws/install/setup.bash'
[1.437s] INFO:colcon.colcon_core.shell:Creating prefix script '/home/trvise/CS498-Team_Robotics/lab3_ws/install/local_setup.zsh'
[1.438s] INFO:colcon.colcon_core.shell:Creating prefix chain script '/home/trvise/CS498-Team_Robotics/lab3_ws/install/setup.zsh'
