/home/trvise/.local/lib/python3.12/site-packages/setuptools/dist.py:493: SetuptoolsDeprecationWarning: Invalid dash-separated options
!!

        ********************************************************************************
        Usage of dash-separated 'script-dir' will not be supported in future
        versions. Please use the underscore name 'script_dir' instead.

        This deprecation is overdue, please update your project and remove deprecated
        calls to avoid build errors in the future.

        See https://setuptools.pypa.io/en/latest/userguide/declarative_config.html for details.
        ********************************************************************************

!!
  opt = self.warn_dash_deprecation(opt, section)
/home/trvise/.local/lib/python3.12/site-packages/setuptools/_distutils/dist.py:270: UserWarning: Unknown distribution option: 'tests_require'
  warnings.warn(msg)
running develop
running egg_info
writing lab3.egg-info/PKG-INFO
writing dependency_links to lab3.egg-info/dependency_links.txt
writing entry points to lab3.egg-info/entry_points.txt
writing requirements to lab3.egg-info/requires.txt
writing top-level names to lab3.egg-info/top_level.txt
reading manifest file 'lab3.egg-info/SOURCES.txt'
writing manifest file 'lab3.egg-info/SOURCES.txt'
running build_ext
Creating /home/trvise/CS498-Team_Robotics/lab3_ws/install/lab3/lib/python3.12/site-packages/lab3.egg-link (link to .)
Installing ball_attached_frame script to /home/trvise/CS498-Team_Robotics/lab3_ws/install/lab3/lib/lab3
Installing ball_publisher script to /home/trvise/CS498-Team_Robotics/lab3_ws/install/lab3/lib/lab3
Installing listener_node script to /home/trvise/CS498-Team_Robotics/lab3_ws/install/lab3/lib/lab3

Installed /home/trvise/CS498-Team_Robotics/lab3_ws/build/lab3
running symlink_data
